// Jest Snapshot v1, https://goo.gl/fbAQLP

exports[`components/molecules/SearchCategories renders 1`] = `
Array [
  <section
    class="FormSection-kjv4fi-0 dEHpOz"
  >
    <div
      class="LabeledInputStyle-haayko-0 hPxfKk"
    >
      <label
        class="LabelStyled-haayko-1 iNeUPg"
        for="search-category"
      >
        Search
      </label>
      <input
        class="InputStyle-sc-1jmrrj1-0 jTNhfr"
        name="search-category"
        type="search"
      />
    </div>
    <button
      class="Primary-sc-12a0ki3-2 eysKsr"
    >
      <svg
        aria-hidden="true"
        class="svg-inline--fa fa-search fa-w-16 IconStyle-sc-1dp848p-0 iFEbEV"
        data-icon="search"
        data-prefix="fas"
        role="img"
        viewBox="0 0 512 512"
        xmlns="http://www.w3.org/2000/svg"
      >
        <path
          d="M505 442.7L405.3 343c-4.5-4.5-10.6-7-17-7H372c27.6-35.3 44-79.7 44-128C416 93.1 322.9 0 208 0S0 93.1 0 208s93.1 208 208 208c48.3 0 92.7-16.4 128-44v16.3c0 6.4 2.5 12.5 7 17l99.7 99.7c9.4 9.4 24.6 9.4 33.9 0l28.3-28.3c9.4-9.4 9.4-24.6.1-34zM208 336c-70.7 0-128-57.2-128-128 0-70.7 57.2-128 128-128 70.7 0 128 57.2 128 128 0 70.7-57.2 128-128 128z"
          fill="currentColor"
        />
      </svg>
    </button>
  </section>,
  <section
    class="SearchResults-kjv4fi-1 jsvAnJ"
  >
    <div
      class="NoResults-kjv4fi-2 GhGmn"
    >
      Search to get results
    </div>
  </section>,
]
`;
