// Jest Snapshot v1, https://goo.gl/fbAQLP

exports[`generic/molecules/LabeledInput renders 1`] = `
<styled.div>
  <Styled(styled.label)
    htmlFor="test"
  >
    Test
  </Styled(styled.label)>
  <Input
    name="test"
    onChange={[Function]}
  />
</styled.div>
`;
