// Jest Snapshot v1, https://goo.gl/fbAQLP

exports[`components/molecules/LabeledInput renders 1`] = `
<LabeledInputStyle>
  <LabelStyled
    htmlFor="test"
  >
    Test
  </LabelStyled>
  <Input
    name="test"
    onChange={[MockFunction]}
  />
</LabeledInputStyle>
`;
