// Jest Snapshot v1, https://goo.gl/fbAQLP

exports[`components/molecules/Modal renders 1`] = `
<ContextConsumer>
  <Component />
</ContextConsumer>
`;
