// Jest Snapshot v1, https://goo.gl/fbAQLP

exports[`components/molecules/LabeledTags renders 1`] = `
<LabeledTagsWrapper>
  <LabelStyled>
    Test Tag
  </LabelStyled>
  <Tag
    blue={true}
    key="1"
    name="tag 1"
    onClick={[Function]}
  />
</LabeledTagsWrapper>
`;
