// Jest Snapshot v1, https://goo.gl/fbAQLP

exports[`components/atoms/Input renders 1`] = `
<InputStyle
  type="text"
/>
`;
