// Jest Snapshot v1, https://goo.gl/fbAQLP

exports[`components/atoms/Icon renders 1`] = `
<IconStyle
  icon={
    Array [
      "fa",
      "times",
    ]
  }
/>
`;
