// Jest Snapshot v1, https://goo.gl/fbAQLP

exports[`generic/atoms/Icon renders 1`] = `
<Styled(FontAwesomeIcon)
  icon={
    Array [
      "fa",
      "times",
    ]
  }
/>
`;
